Command: /home/pelvira/.espressif/python_env/idf5.5_py3.13_env/bin/python /home/pelvira/esp/esp-idf/tools/idf_monitor.py -p /dev/ttyUSB0 -b 115200 --toolchain-prefix xtensa-esp32-elf- --target esp32 --revision 0 /home/pelvira/Documents/Universidad/7_Septimo_Semestre/SBC/Hitos_SBC/hito_4/build/hito_4.elf /home/pelvira/Documents/Universidad/7_Septimo_Semestre/SBC/Hitos_SBC/hito_4/build/bootloader/bootloader.elf -m '/home/pelvira/.espressif/python_env/idf5.5_py3.13_env/bin/python' '/home/pelvira/esp/esp-idf/tools/idf.py'
ap_init: Initializing. RAM available for dynamic allocation:
I (ï¿½ets Jul 29 2019 12:21:46

rst:0x1 (POWERON_RESET),boot:0x13 (SPI_FAST_FLASH_BOOT)
configsip: 0, SPIWP:0xee
clk_drv:0x00,q_drv:0x00,d_drv:0x00,cs0_drv:0x00,hd_drv:0x00,wp_drv:0x00
mode:DIO, clock div:2
load:0x3fff0030,len:6380
ho 0 tail 12 room 4
load:0x40078000,len:15916
load:0x40080400,len:3860
entry 0x40080638
[0;32mI (29) boot: ESP-IDF v5.5.1-dirty 2nd stage bootloader[0m
[0;32mI (29) boot: compile time Oct  6 2025 18:30:40[0m
[0;32mI (29) boot: Multicore bootloader[0m
[0;32mI (31) boot: chip revision: v3.1[0m
[0;32mI (34) boot.esp32: SPI Speed      : 40MHz[0m
[0;32mI (38) boot.esp32: SPI Mode       : DIO[0m
[0;32mI (41) boot.esp32: SPI Flash Size : 2MB[0m
[0;32mI (45) boot: Enabling RNG early entropy source...[0m
[0;32mI (49) boot: Partition Table:[0m
[0;32mI (52) boot: ## Label            Usage          Type ST Offset   Length[0m
[0;32mI (58) boot:  0 nvs              WiFi data        01 02 00009000 00006000[0m
[0;32mI (65) boot:  1 phy_init         RF data          01 01 0000f000 00001000[0m
[0;32mI (71) boot:  2 factory          factory app      00 00 00010000 00100000[0m
[0;32mI (78) boot: End of partition table[0m
[0;32mI (81) esp_image: segment 0: paddr=00010020 vaddr=3f400020 size=0aca8h ( 44200) map[0m
[0;32mI (104) esp_image: segment 1: paddr=0001acd0 vaddr=3ffb0000 size=02428h (  9256) load[0m
[0;32mI (107) esp_image: segment 2: paddr=0001d100 vaddr=40080000 size=02f18h ( 12056) load[0m
[0;32mI (112) esp_image: segment 3: paddr=00020020 vaddr=400d0020 size=16764h ( 92004) map[0m
[0;32mI (147) esp_image: segment 4: paddr=0003678c vaddr=40082f18 size=0b0c0h ( 45248) load[0m
[0;32mI (164) esp_image: segment 5: paddr=00041854 vaddr=50000000 size=00020h (    32) load[0m
[0;32mI (172) boot: Loaded app from partition at offset 0x10000[0m
[0;32mI (172) boot: Disabling RNG early entropy source...[0m
[0;32mI (182) cpu_start: Multicore app[0m
[0;32mI (191) cpu_start: Pro cpu start user code[0m
[0;32mI (191) cpu_start: cpu freq: 160000000 Hz[0m
[0;32mI (191) app_init: Application information:[0m
[0;32mI (191) app_init: Project name:     hito_4[0m
[0;32mI (195) app_init: App version:      1[0m
[0;32mI (198) app_init: Compile time:     Oct  6 2025 18:29:48[0m
[0;32mI (203) app_init: ELF file SHA256:  bc20457c0...[0m
[0;32mI (208) app_init: ESP-IDF:          v5.5.1-dirty[0m
[0;32mI (212) efuse_init: Min chip rev:     v0.0[0m
[0;32mI (216) efuse_init: Max chip rev:     v3.99 [0m
[0;32mI (220) efuse_init: Chip rev:         v3.1[0m
[0;32mI (224) heap_init: Initializing. RAM available for dynamic allocation:[0m
[0;32mI (230) heap_init: At 3FFAE6E0 len 00001920 (6 KiB): DRAM[0m
[0;32mI (235) heap_init: At 3FFB2D08 len 0002D2F8 (180 KiB): DRAM[0m
[0;32mI (240) heap_init: At 3FFE0440 len 00003AE0 (14 KiB): D/IRAM[0m
[0;32mI (246) heap_init: At 3FFE4350 len 0001BCB0 (111 KiB): D/IRAM[0m
[0;32mI (251) heap_init: At 4008DFD8 len 00012028 (72 KiB): IRAM[0m
[0;33mW (258) spi_flash: Detected boya flash chip but using generic driver. For optimal functionality, enable `SPI_FLASH_SUPPORT_BOYA_CHIP` in menuconfig[0m
[0;32mI (270) spi_flash: detected chip: generic[0m
[0;32mI (273) spi_flash: flash io: dio[0m
[0;33mW (276) spi_flash: Detected size(4096k) larger than the size in the binary image header(2048k). Using the size in the binary image header.[0m
[0;32mI (289) main_task: Started on CPU0[0m
[0;32mI (299) main_task: Calling app_main()[0m
[0;32mI (309) MAIN: Luz = 39%[0m
[0;32mI (1309) MAIN: Luz = 39%[0m
[0;32mI (2309) MAIN: Luz = 39%[0m
[0;32mI (3309) MAIN: Luz = 39%[0m
[0;32mI (4309) MAIN: Luz = 39%[0m
[0;32mI (5309) MAIN: Luz = 39%[0m
[0;32mI (6309) MAIN: Luz = 39%[0m
[0;32mI (7309) MAIN: Luz = 67%[0m
[0;32mI (8309) MAIN: Luz = 67%[0m
[0;32mI (9309) MAIN: Luz = 67%[0m
[0;32mI (10309) MAIN: Luz = 68%[0m
[0;32mI (11309) MAIN: Luz = 68%[0m
[0;32mI (12309) MAIN: Luz = 68%[0m
[0;32mI (13309) MAIN: Luz = 68%[0m
[0;32mI (14309) MAIN: Luz = 68%[0m
[0;32mI (15309) MAIN: Luz = 68%[0m
[0;32mI (16309) MAIN: Luz = 39%[0m
[0;32mI (17309) MAIN: Luz = 39%[0m
[0;32mI (18309) MAIN: Luz = 39%[0m
[0;32mI (19309) MAIN: Luz = 39%[0m
