Command: /home/pelvira/.espressif/python_env/idf5.5_py3.13_env/bin/python /home/pelvira/esp/esp-idf/tools/idf_monitor.py -p /dev/ttyUSB0 -b 115200 --toolchain-prefix xtensa-esp32-elf- --target esp32 --revision 0 /home/pelvira/Documents/Universidad/7_Septimo_Semestre/SBC/Hitos_SBC/hito_4/build/hito_4.elf /home/pelvira/Documents/Universidad/7_Septimo_Semestre/SBC/Hitos_SBC/hito_4/build/bootloader/bootloader.elf -m '/home/pelvira/.espressif/python_env/idf5.5_py3.13_env/bin/python' '/home/pelvira/esp/esp-idf/tools/idf.py'
[0;32mI (190) cpu_start: Pro cpu start user code[0m
[0;32mI (190) cpu_start:ï¿½ets Jul 29 2019 12:21:46[0m

rst:0x1 (POWERON_RESET),boot:0x13 (SPI_FAST_FLASH_BOOT)
configsip: 0, SPIWP:0xee
clk_drv:0x00,q_drv:0x00,d_drv:0x00,cs0_drv:0x00,hd_drv:0x00,wp_drv:0x00
mode:DIO, clock div:2
load:0x3fff0030,len:6380
ho 0 tail 12 room 4
load:0x40078000,len:15916
load:0x40080400,len:3860
entry 0x40080638
[0;32mI (29) boot: ESP-IDF v5.5.1-dirty 2nd stage bootloader[0m
[0;32mI (29) boot: compile time Oct  6 2025 18:30:40[0m
[0;32mI (29) boot: Multicore bootloader[0m
[0;32mI (31) boot: chip revision: v3.1[0m
[0;32mI (34) boot.esp32: SPI Speed      : 40MHz[0m
[0;32mI (38) boot.esp32: SPI Mode       : DIO[0m
[0;32mI (41) boot.esp32: SPI Flash Size : 2MB[0m
[0;32mI (45) boot: Enabling RNG early entropy source...[0m
[0;32mI (49) boot: Partition Table:[0m
[0;32mI (52) boot: ## Label            Usage          Type ST Offset   Length[0m
[0;32mI (58) boot:  0 nvs              WiFi data        01 02 00009000 00006000[0m
[0;32mI (65) boot:  1 phy_init         RF data          01 01 0000f000 00001000[0m
[0;32mI (71) boot:  2 factory          factory app      00 00 00010000 00100000[0m
[0;32mI (78) boot: End of partition table[0m
[0;32mI (81) esp_image: segment 0: paddr=00010020 vaddr=3f400020 size=0ac90h ( 44176) map[0m
[0;32mI (104) esp_image: segment 1: paddr=0001acb8 vaddr=3ffb0000 size=02428h (  9256) load[0m
[0;32mI (107) esp_image: segment 2: paddr=0001d0e8 vaddr=40080000 size=02f30h ( 12080) load[0m
[0;32mI (112) esp_image: segment 3: paddr=00020020 vaddr=400d0020 size=15dfch ( 89596) map[0m
[0;32mI (146) esp_image: segment 4: paddr=00035e24 vaddr=40082f30 size=0b0a8h ( 45224) load[0m
[0;32mI (164) esp_image: segment 5: paddr=00040ed4 vaddr=50000000 size=00020h (    32) load[0m
[0;32mI (171) boot: Loaded app from partition at offset 0x10000[0m
[0;32mI (171) boot: Disabling RNG early entropy source...[0m
[0;32mI (182) cpu_start: Multicore app[0m
[0;32mI (190) cpu_start: Pro cpu start user code[0m
[0;32mI (190) cpu_start: cpu freq: 160000000 Hz[0m
[0;32mI (190) app_init: Application information:[0m
[0;32mI (190) app_init: Project name:     hito_4[0m
[0;32mI (194) app_init: App version:      1[0m
[0;32mI (197) app_init: Compile time:     Oct  6 2025 18:29:48[0m
[0;32mI (202) app_init: ELF file SHA256:  01f45c278...[0m
[0;32mI (207) app_init: ESP-IDF:          v5.5.1-dirty[0m
[0;32mI (211) efuse_init: Min chip rev:     v0.0[0m
[0;32mI (215) efuse_init: Max chip rev:     v3.99 [0m
[0;32mI (219) efuse_init: Chip rev:         v3.1[0m
[0;32mI (223) heap_init: Initializing. RAM available for dynamic allocation:[0m
[0;32mI (229) heap_init: At 3FFAE6E0 len 00001920 (6 KiB): DRAM[0m
[0;32mI (234) heap_init: At 3FFB2D08 len 0002D2F8 (180 KiB): DRAM[0m
[0;32mI (239) heap_init: At 3FFE0440 len 00003AE0 (14 KiB): D/IRAM[0m
[0;32mI (245) heap_init: At 3FFE4350 len 0001BCB0 (111 KiB): D/IRAM[0m
[0;32mI (250) heap_init: At 4008DFD8 len 00012028 (72 KiB): IRAM[0m
[0;33mW (257) spi_flash: Detected boya flash chip but using generic driver. For optimal functionality, enable `SPI_FLASH_SUPPORT_BOYA_CHIP` in menuconfig[0m
[0;32mI (269) spi_flash: detected chip: generic[0m
[0;32mI (272) spi_flash: flash io: dio[0m
[0;33mW (275) spi_flash: Detected size(4096k) larger than the size in the binary image header(2048k). Using the size in the binary image header.[0m
[0;32mI (288) main_task: Started on CPU0[0m
[0;32mI (298) main_task: Calling app_main()[0m
[0;32mI (308) MAIN: Luz = 38%[0m
[0;32mI (1308) MAIN: Luz = 38%[0m
[0;32mI (2308) MAIN: Luz = 38%[0m
[0;32mI (3308) MAIN: Luz = 37%[0m
[0;32mI (4308) MAIN: Luz = 42%[0m
[0;32mI (5308) MAIN: Luz = 68%[0m
[0;32mI (6308) MAIN: Luz = 68%[0m
[0;32mI (7308) MAIN: Luz = 68%[0m
[0;32mI (8308) MAIN: Luz = 68%[0m
[0;32mI (9308) MAIN: Luz = 68%[0m
[0;32mI (10308) MAIN: Luz = 37%[0m
[0;32mI (11308) MAIN: Luz = 37%[0m
[0;32mI (12308) MAIN: Luz = 37%[0m
[0;32mI (13308) MAIN: Luz = 37%[0m
